<?xml version="1.0" encoding="ISO-8859-1" ?>
<link_info>
   <banner>TMS320C2000 Linker PC v18.12.4.LTS</banner>
   <copyright>Copyright (c) 1996-2018 Texas Instruments Incorporated</copyright>
   <link_time>0x5e4e75d8</link_time>
   <link_errors>0x0</link_errors>
   <output_file>LED2.out</output_file>
   <entry_point>
      <name>_c_int00</name>
      <address>0x82800</address>
   </entry_point>
   <input_file_list>
      <input_file id="fl-2">
         <path>.\</path>
         <kind>object</kind>
         <file>main.obj</file>
         <name>main.obj</name>
      </input_file>
      <input_file id="fl-3">
         <path>.\SOURCE\</path>
         <kind>object</kind>
         <file>F2837xD_Adc.obj</file>
         <name>F2837xD_Adc.obj</name>
      </input_file>
      <input_file id="fl-4">
         <path>.\SOURCE\</path>
         <kind>object</kind>
         <file>F2837xD_CodeStartBranch.obj</file>
         <name>F2837xD_CodeStartBranch.obj</name>
      </input_file>
      <input_file id="fl-5">
         <path>.\SOURCE\</path>
         <kind>object</kind>
         <file>F2837xD_CpuTimers.obj</file>
         <name>F2837xD_CpuTimers.obj</name>
      </input_file>
      <input_file id="fl-6">
         <path>.\SOURCE\</path>
         <kind>object</kind>
         <file>F2837xD_DBGIER.obj</file>
         <name>F2837xD_DBGIER.obj</name>
      </input_file>
      <input_file id="fl-7">
         <path>.\SOURCE\</path>
         <kind>object</kind>
         <file>F2837xD_DefaultISR.obj</file>
         <name>F2837xD_DefaultISR.obj</name>
      </input_file>
      <input_file id="fl-8">
         <path>.\SOURCE\</path>
         <kind>object</kind>
         <file>F2837xD_Dma.obj</file>
         <name>F2837xD_Dma.obj</name>
      </input_file>
      <input_file id="fl-9">
         <path>.\SOURCE\</path>
         <kind>object</kind>
         <file>F2837xD_Emif.obj</file>
         <name>F2837xD_Emif.obj</name>
      </input_file>
      <input_file id="fl-a">
         <path>.\SOURCE\</path>
         <kind>object</kind>
         <file>F2837xD_GlobalVariableDefs.obj</file>
         <name>F2837xD_GlobalVariableDefs.obj</name>
      </input_file>
      <input_file id="fl-b">
         <path>.\SOURCE\</path>
         <kind>object</kind>
         <file>F2837xD_Gpio.obj</file>
         <name>F2837xD_Gpio.obj</name>
      </input_file>
      <input_file id="fl-c">
         <path>.\SOURCE\</path>
         <kind>object</kind>
         <file>F2837xD_I2C.obj</file>
         <name>F2837xD_I2C.obj</name>
      </input_file>
      <input_file id="fl-d">
         <path>.\SOURCE\</path>
         <kind>object</kind>
         <file>F2837xD_Ipc.obj</file>
         <name>F2837xD_Ipc.obj</name>
      </input_file>
      <input_file id="fl-e">
         <path>.\SOURCE\</path>
         <kind>object</kind>
         <file>F2837xD_Ipc_Driver.obj</file>
         <name>F2837xD_Ipc_Driver.obj</name>
      </input_file>
      <input_file id="fl-f">
         <path>.\SOURCE\</path>
         <kind>object</kind>
         <file>F2837xD_Ipc_Driver_Lite.obj</file>
         <name>F2837xD_Ipc_Driver_Lite.obj</name>
      </input_file>
      <input_file id="fl-10">
         <path>.\SOURCE\</path>
         <kind>object</kind>
         <file>F2837xD_Ipc_Driver_Util.obj</file>
         <name>F2837xD_Ipc_Driver_Util.obj</name>
      </input_file>
      <input_file id="fl-11">
         <path>.\SOURCE\</path>
         <kind>object</kind>
         <file>F2837xD_Mcbsp.obj</file>
         <name>F2837xD_Mcbsp.obj</name>
      </input_file>
      <input_file id="fl-12">
         <path>.\SOURCE\</path>
         <kind>object</kind>
         <file>F2837xD_PieCtrl.obj</file>
         <name>F2837xD_PieCtrl.obj</name>
      </input_file>
      <input_file id="fl-13">
         <path>.\SOURCE\</path>
         <kind>object</kind>
         <file>F2837xD_PieVect.obj</file>
         <name>F2837xD_PieVect.obj</name>
      </input_file>
      <input_file id="fl-14">
         <path>.\SOURCE\</path>
         <kind>object</kind>
         <file>F2837xD_Sci.obj</file>
         <name>F2837xD_Sci.obj</name>
      </input_file>
      <input_file id="fl-15">
         <path>.\SOURCE\</path>
         <kind>object</kind>
         <file>F2837xD_SysCtrl.obj</file>
         <name>F2837xD_SysCtrl.obj</name>
      </input_file>
      <input_file id="fl-16">
         <path>.\SOURCE\</path>
         <kind>object</kind>
         <file>F2837xD_can.obj</file>
         <name>F2837xD_can.obj</name>
      </input_file>
      <input_file id="fl-17">
         <path>.\SOURCE\</path>
         <kind>object</kind>
         <file>F2837xD_sci_io.obj</file>
         <name>F2837xD_sci_io.obj</name>
      </input_file>
      <input_file id="fl-18">
         <path>.\SOURCE\</path>
         <kind>object</kind>
         <file>F2837xD_sdfm_drivers.obj</file>
         <name>F2837xD_sdfm_drivers.obj</name>
      </input_file>
      <input_file id="fl-19">
         <path>.\SOURCE\</path>
         <kind>object</kind>
         <file>F2837xD_struct.obj</file>
         <name>F2837xD_struct.obj</name>
      </input_file>
      <input_file id="fl-1a">
         <path>.\SOURCE\</path>
         <kind>object</kind>
         <file>F2837xD_usDelay.obj</file>
         <name>F2837xD_usDelay.obj</name>
      </input_file>
      <input_file id="fl-1f">
         <kind>object</kind>
         <file>&lt;internal&gt;</file>
         <name>&lt;internal&gt;</name>
      </input_file>
      <input_file id="fl-2b">
         <path>C:\ti\ccs930\ccs\tools\compiler\ti-cgt-c2000_18.12.4.LTS\lib\</path>
         <kind>archive</kind>
         <file>rts2800_fpu32.lib</file>
         <name>boot28.asm.obj</name>
      </input_file>
      <input_file id="fl-2c">
         <path>C:\ti\ccs930\ccs\tools\compiler\ti-cgt-c2000_18.12.4.LTS\lib\</path>
         <kind>archive</kind>
         <file>rts2800_fpu32.lib</file>
         <name>ll_aox28.asm.obj</name>
      </input_file>
      <input_file id="fl-2d">
         <path>C:\ti\ccs930\ccs\tools\compiler\ti-cgt-c2000_18.12.4.LTS\lib\</path>
         <kind>archive</kind>
         <file>rts2800_fpu32.lib</file>
         <name>cpy_tbl.c.obj</name>
      </input_file>
      <input_file id="fl-2e">
         <path>C:\ti\ccs930\ccs\tools\compiler\ti-cgt-c2000_18.12.4.LTS\lib\</path>
         <kind>archive</kind>
         <file>rts2800_fpu32.lib</file>
         <name>memcpy.c.obj</name>
      </input_file>
      <input_file id="fl-2f">
         <path>C:\ti\ccs930\ccs\tools\compiler\ti-cgt-c2000_18.12.4.LTS\lib\</path>
         <kind>archive</kind>
         <file>rts2800_fpu32.lib</file>
         <name>pre_init.c.obj</name>
      </input_file>
      <input_file id="fl-30">
         <path>C:\ti\ccs930\ccs\tools\compiler\ti-cgt-c2000_18.12.4.LTS\lib\</path>
         <kind>archive</kind>
         <file>rts2800_fpu32.lib</file>
         <name>startup.c.obj</name>
      </input_file>
      <input_file id="fl-31">
         <path>C:\ti\ccs930\ccs\tools\compiler\ti-cgt-c2000_18.12.4.LTS\lib\</path>
         <kind>archive</kind>
         <file>rts2800_fpu32.lib</file>
         <name>exit.c.obj</name>
      </input_file>
      <input_file id="fl-32">
         <path>C:\ti\ccs930\ccs\tools\compiler\ti-cgt-c2000_18.12.4.LTS\lib\</path>
         <kind>archive</kind>
         <file>rts2800_fpu32.lib</file>
         <name>_lock.c.obj</name>
      </input_file>
      <input_file id="fl-33">
         <path>C:\ti\ccs930\ccs\tools\compiler\ti-cgt-c2000_18.12.4.LTS\lib\</path>
         <kind>archive</kind>
         <file>rts2800_fpu32.lib</file>
         <name>args_main.c.obj</name>
      </input_file>
      <input_file id="fl-34">
         <path>C:\ti\ccs930\ccs\tools\compiler\ti-cgt-c2000_18.12.4.LTS\lib\</path>
         <kind>archive</kind>
         <file>rts2800_fpu32.lib</file>
         <name>memset.c.obj</name>
      </input_file>
   </input_file_list>
   <object_component_list>
      <object_component id="oc-e9">
         <name>.cinit:_EPWM</name>
         <load_address>0x82b54</load_address>
         <run_address>0x82b54</run_address>
         <size>0x1d</size>
         <input_file_ref idref="fl-19"/>
      </object_component>
      <object_component id="oc-c1">
         <name>.cinit:_ECAP</name>
         <load_address>0x82b71</load_address>
         <run_address>0x82b71</run_address>
         <size>0x11</size>
         <input_file_ref idref="fl-19"/>
      </object_component>
      <object_component id="oc-169">
         <name>.cinit</name>
         <load_address>0x82b82</load_address>
         <run_address>0x82b82</run_address>
         <size>0xe</size>
         <input_file_ref idref="fl-31"/>
      </object_component>
      <object_component id="oc-c9">
         <name>.cinit:_EQEP</name>
         <load_address>0x82b90</load_address>
         <run_address>0x82b90</run_address>
         <size>0xb</size>
         <input_file_ref idref="fl-19"/>
      </object_component>
      <object_component id="oc-af">
         <name>.cinit:_SPI</name>
         <load_address>0x82b9b</load_address>
         <run_address>0x82b9b</run_address>
         <size>0xb</size>
         <input_file_ref idref="fl-19"/>
      </object_component>
      <object_component id="oc-e4">
         <name>.cinit:_SDFM</name>
         <load_address>0x82ba6</load_address>
         <run_address>0x82ba6</run_address>
         <size>0x9</size>
         <input_file_ref idref="fl-19"/>
      </object_component>
      <object_component id="oc-cd">
         <name>.cinit:_I2C</name>
         <load_address>0x82baf</load_address>
         <run_address>0x82baf</run_address>
         <size>0x7</size>
         <input_file_ref idref="fl-19"/>
      </object_component>
      <object_component id="oc-d3">
         <name>.cinit:_MCBSP</name>
         <load_address>0x82bb6</load_address>
         <run_address>0x82bb6</run_address>
         <size>0x7</size>
         <input_file_ref idref="fl-19"/>
      </object_component>
      <object_component id="oc-aa">
         <name>.cinit:_SCI</name>
         <load_address>0x82bbd</load_address>
         <run_address>0x82bbd</run_address>
         <size>0x7</size>
         <input_file_ref idref="fl-19"/>
      </object_component>
      <object_component id="oc-18e">
         <name>.cinit:__lock</name>
         <load_address>0x82bc4</load_address>
         <run_address>0x82bc4</run_address>
         <size>0x5</size>
         <input_file_ref idref="fl-32"/>
      </object_component>
      <object_component id="oc-195">
         <name>.cinit:__unlock</name>
         <load_address>0x82bc9</load_address>
         <run_address>0x82bc9</run_address>
         <size>0x5</size>
         <input_file_ref idref="fl-32"/>
      </object_component>
      <object_component id="oc-137">
         <name>.cinit</name>
         <load_address>0x82bce</load_address>
         <run_address>0x82bce</run_address>
         <size>0x4</size>
         <input_file_ref idref="fl-17"/>
      </object_component>
      <object_component id="oc-8d">
         <name>.text:retain</name>
         <load_address>0x82000</load_address>
         <run_address>0x82000</run_address>
         <size>0x585</size>
         <input_file_ref idref="fl-7"/>
      </object_component>
      <object_component id="oc-18f">
         <name>.text</name>
         <load_address>0x82585</load_address>
         <run_address>0x82585</run_address>
         <size>0x27b</size>
         <input_file_ref idref="fl-15"/>
      </object_component>
      <object_component id="oc-71">
         <name>.text</name>
         <load_address>0x82800</load_address>
         <run_address>0x82800</run_address>
         <size>0x56</size>
         <input_file_ref idref="fl-2b"/>
      </object_component>
      <object_component id="oc-191">
         <name>.text</name>
         <load_address>0x82856</load_address>
         <run_address>0x82856</run_address>
         <size>0x2e</size>
         <input_file_ref idref="fl-b"/>
      </object_component>
      <object_component id="oc-18c">
         <name>.text</name>
         <load_address>0x82884</load_address>
         <run_address>0x82884</run_address>
         <size>0x2c</size>
         <input_file_ref idref="fl-2"/>
      </object_component>
      <object_component id="oc-182">
         <name>.text</name>
         <load_address>0x828b0</load_address>
         <run_address>0x828b0</run_address>
         <size>0x29</size>
         <input_file_ref idref="fl-31"/>
      </object_component>
      <object_component id="oc-192">
         <name>.text</name>
         <load_address>0x828d9</load_address>
         <run_address>0x828d9</run_address>
         <size>0x28</size>
         <input_file_ref idref="fl-12"/>
      </object_component>
      <object_component id="oc-17f">
         <name>.text</name>
         <load_address>0x82901</load_address>
         <run_address>0x82901</run_address>
         <size>0x24</size>
         <input_file_ref idref="fl-2d"/>
      </object_component>
      <object_component id="oc-18b">
         <name>.text</name>
         <load_address>0x82925</load_address>
         <run_address>0x82925</run_address>
         <size>0x1d</size>
         <input_file_ref idref="fl-2e"/>
      </object_component>
      <object_component id="oc-181">
         <name>.text</name>
         <load_address>0x82942</load_address>
         <run_address>0x82942</run_address>
         <size>0x19</size>
         <input_file_ref idref="fl-33"/>
      </object_component>
      <object_component id="oc-14f">
         <name>.text</name>
         <load_address>0x8295b</load_address>
         <run_address>0x8295b</run_address>
         <size>0x18</size>
         <input_file_ref idref="fl-2c"/>
      </object_component>
      <object_component id="oc-193">
         <name>.text</name>
         <load_address>0x82973</load_address>
         <run_address>0x82973</run_address>
         <size>0x11</size>
         <input_file_ref idref="fl-13"/>
      </object_component>
      <object_component id="oc-194">
         <name>.text</name>
         <load_address>0x82984</load_address>
         <run_address>0x82984</run_address>
         <size>0x9</size>
         <input_file_ref idref="fl-32"/>
      </object_component>
      <object_component id="oc-87">
         <name>.text</name>
         <load_address>0x8298d</load_address>
         <run_address>0x8298d</run_address>
         <size>0x3</size>
         <input_file_ref idref="fl-6"/>
      </object_component>
      <object_component id="oc-17e">
         <name>.text</name>
         <load_address>0x82990</load_address>
         <run_address>0x82990</run_address>
         <size>0x2</size>
         <input_file_ref idref="fl-2f"/>
      </object_component>
      <object_component id="oc-180">
         <name>.text</name>
         <load_address>0x82992</load_address>
         <run_address>0x82992</run_address>
         <size>0x1</size>
         <input_file_ref idref="fl-30"/>
      </object_component>
      <object_component id="oc-7c">
         <name>codestart</name>
         <load_address>0x80000</load_address>
         <run_address>0x80000</run_address>
         <size>0x2</size>
         <input_file_ref idref="fl-4"/>
      </object_component>
      <object_component id="oc-190">
         <name>.TI.ramfunc</name>
         <load_address>0x86000</load_address>
         <run_address>0x8000</run_address>
         <size>0x48</size>
         <input_file_ref idref="fl-15"/>
      </object_component>
      <object_component id="oc-144">
         <name>.TI.ramfunc</name>
         <load_address>0x86048</load_address>
         <run_address>0x8048</run_address>
         <size>0x4</size>
         <input_file_ref idref="fl-1a"/>
      </object_component>
      <object_component id="oc-149">
         <name>.stack</name>
         <uninitialized>true</uninitialized>
         <run_address>0x400</run_address>
         <size>0x0</size>
         <input_file_ref idref="fl-2b"/>
      </object_component>
      <object_component id="oc-20e">
         <name>.stack</name>
         <uninitialized>true</uninitialized>
         <run_address>0x400</run_address>
         <size>0x0</size>
      </object_component>
      <object_component id="oc-82">
         <name>.ebss</name>
         <uninitialized>true</uninitialized>
         <run_address>0xa81a</run_address>
         <size>0x18</size>
         <input_file_ref idref="fl-5"/>
      </object_component>
      <object_component id="oc-138">
         <name>.ebss</name>
         <uninitialized>true</uninitialized>
         <run_address>0xa86c</run_address>
         <size>0x1</size>
         <input_file_ref idref="fl-17"/>
      </object_component>
      <object_component id="oc-187">
         <name>.ebss:_I2C</name>
         <uninitialized>true</uninitialized>
         <run_address>0xa85c</run_address>
         <size>0x4</size>
         <input_file_ref idref="fl-19"/>
      </object_component>
      <object_component id="oc-188">
         <name>.ebss:_MCBSP</name>
         <uninitialized>true</uninitialized>
         <run_address>0xa860</run_address>
         <size>0x4</size>
         <input_file_ref idref="fl-19"/>
      </object_component>
      <object_component id="oc-183">
         <name>.ebss:_SCI</name>
         <uninitialized>true</uninitialized>
         <run_address>0xa864</run_address>
         <size>0x4</size>
         <input_file_ref idref="fl-19"/>
      </object_component>
      <object_component id="oc-189">
         <name>.ebss:_SDFM</name>
         <uninitialized>true</uninitialized>
         <run_address>0xa850</run_address>
         <size>0x6</size>
         <input_file_ref idref="fl-19"/>
      </object_component>
      <object_component id="oc-186">
         <name>.ebss:_EQEP</name>
         <uninitialized>true</uninitialized>
         <run_address>0xa840</run_address>
         <size>0x8</size>
         <input_file_ref idref="fl-19"/>
      </object_component>
      <object_component id="oc-184">
         <name>.ebss:_SPI</name>
         <uninitialized>true</uninitialized>
         <run_address>0xa848</run_address>
         <size>0x8</size>
         <input_file_ref idref="fl-19"/>
      </object_component>
      <object_component id="oc-185">
         <name>.ebss:_ECAP</name>
         <uninitialized>true</uninitialized>
         <run_address>0xa832</run_address>
         <size>0xe</size>
         <input_file_ref idref="fl-19"/>
      </object_component>
      <object_component id="oc-18a">
         <name>.ebss:_EPWM</name>
         <uninitialized>true</uninitialized>
         <run_address>0xa800</run_address>
         <size>0x1a</size>
         <input_file_ref idref="fl-19"/>
      </object_component>
      <object_component id="oc-16a">
         <name>.ebss</name>
         <uninitialized>true</uninitialized>
         <run_address>0xa856</run_address>
         <size>0x6</size>
         <input_file_ref idref="fl-31"/>
      </object_component>
      <object_component id="oc-18d">
         <name>.ebss:__lock</name>
         <uninitialized>true</uninitialized>
         <run_address>0xa868</run_address>
         <size>0x2</size>
         <input_file_ref idref="fl-32"/>
      </object_component>
      <object_component id="oc-197">
         <name>.ebss:__unlock</name>
         <uninitialized>true</uninitialized>
         <run_address>0xa86a</run_address>
         <size>0x2</size>
         <input_file_ref idref="fl-32"/>
      </object_component>
      <object_component id="oc-196">
         <name>.econst:_PieVectTableInit</name>
         <load_address>0x82994</load_address>
         <run_address>0x82994</run_address>
         <size>0x1c0</size>
         <input_file_ref idref="fl-13"/>
      </object_component>
      <object_component id="oc-14a">
         <name>.reset</name>
         <load_address>0x3fffc0</load_address>
         <run_address>0x3fffc0</run_address>
         <size>0x2</size>
         <input_file_ref idref="fl-2b"/>
      </object_component>
      <object_component id="oc-10c">
         <name>PUTBUFFER</name>
         <uninitialized>true</uninitialized>
         <run_address>0x3f800</run_address>
         <size>0x80</size>
         <input_file_ref idref="fl-e"/>
      </object_component>
      <object_component id="oc-107">
         <name>PUTWRITEIDX</name>
         <uninitialized>true</uninitialized>
         <run_address>0x3f880</run_address>
         <size>0x4</size>
         <input_file_ref idref="fl-e"/>
      </object_component>
      <object_component id="oc-10a">
         <name>GETREADIDX</name>
         <uninitialized>true</uninitialized>
         <run_address>0x3f884</run_address>
         <size>0x4</size>
         <input_file_ref idref="fl-e"/>
      </object_component>
      <object_component id="oc-10b">
         <name>GETBUFFER</name>
         <uninitialized>true</uninitialized>
         <run_address>0x3fc00</run_address>
         <size>0x80</size>
         <input_file_ref idref="fl-e"/>
      </object_component>
      <object_component id="oc-109">
         <name>GETWRITEIDX</name>
         <uninitialized>true</uninitialized>
         <run_address>0x3fc80</run_address>
         <size>0x4</size>
         <input_file_ref idref="fl-e"/>
      </object_component>
      <object_component id="oc-108">
         <name>PUTREADIDX</name>
         <uninitialized>true</uninitialized>
         <run_address>0x3fc84</run_address>
         <size>0x4</size>
         <input_file_ref idref="fl-e"/>
      </object_component>
      <object_component id="oc-f8">
         <name>PieVectTableFile</name>
         <uninitialized>true</uninitialized>
         <run_address>0xd00</run_address>
         <size>0x1c0</size>
         <input_file_ref idref="fl-a"/>
      </object_component>
      <object_component id="oc-9d">
         <name>EmuBModeVar</name>
         <uninitialized>true</uninitialized>
         <run_address>0xd00</run_address>
         <size>0x1</size>
         <input_file_ref idref="fl-a"/>
      </object_component>
      <object_component id="oc-b2">
         <name>AdcaResultFile</name>
         <uninitialized>true</uninitialized>
         <run_address>0xb00</run_address>
         <size>0x18</size>
         <input_file_ref idref="fl-a"/>
      </object_component>
      <object_component id="oc-b3">
         <name>AdcbResultFile</name>
         <uninitialized>true</uninitialized>
         <run_address>0xb20</run_address>
         <size>0x18</size>
         <input_file_ref idref="fl-a"/>
      </object_component>
      <object_component id="oc-b4">
         <name>AdccResultFile</name>
         <uninitialized>true</uninitialized>
         <run_address>0xb40</run_address>
         <size>0x18</size>
         <input_file_ref idref="fl-a"/>
      </object_component>
      <object_component id="oc-b5">
         <name>AdcdResultFile</name>
         <uninitialized>true</uninitialized>
         <run_address>0xb60</run_address>
         <size>0x18</size>
         <input_file_ref idref="fl-a"/>
      </object_component>
      <object_component id="oc-de">
         <name>AdcaRegsFile</name>
         <uninitialized>true</uninitialized>
         <run_address>0x7400</run_address>
         <size>0x80</size>
         <input_file_ref idref="fl-a"/>
      </object_component>
      <object_component id="oc-df">
         <name>AdcbRegsFile</name>
         <uninitialized>true</uninitialized>
         <run_address>0x7480</run_address>
         <size>0x80</size>
         <input_file_ref idref="fl-a"/>
      </object_component>
      <object_component id="oc-e0">
         <name>AdccRegsFile</name>
         <uninitialized>true</uninitialized>
         <run_address>0x7500</run_address>
         <size>0x80</size>
         <input_file_ref idref="fl-a"/>
      </object_component>
      <object_component id="oc-e1">
         <name>AdcdRegsFile</name>
         <uninitialized>true</uninitialized>
         <run_address>0x7580</run_address>
         <size>0x80</size>
         <input_file_ref idref="fl-a"/>
      </object_component>
      <object_component id="oc-f5">
         <name>CanaRegsFile</name>
         <uninitialized>true</uninitialized>
         <run_address>0x48000</run_address>
         <size>0x164</size>
         <input_file_ref idref="fl-a"/>
      </object_component>
      <object_component id="oc-f6">
         <name>CanbRegsFile</name>
         <uninitialized>true</uninitialized>
         <run_address>0x4a000</run_address>
         <size>0x164</size>
         <input_file_ref idref="fl-a"/>
      </object_component>
      <object_component id="oc-d9">
         <name>Cla1RegsFile</name>
         <uninitialized>true</uninitialized>
         <run_address>0x1400</run_address>
         <size>0x3e</size>
         <input_file_ref idref="fl-a"/>
      </object_component>
      <object_component id="oc-9f">
         <name>Cla1SoftIntRegsFile</name>
         <uninitialized>true</uninitialized>
         <run_address>0xce0</run_address>
         <size>0x4</size>
         <input_file_ref idref="fl-a"/>
      </object_component>
      <object_component id="oc-b8">
         <name>Cmpss1RegsFile</name>
         <uninitialized>true</uninitialized>
         <run_address>0x5c80</run_address>
         <size>0x20</size>
         <input_file_ref idref="fl-a"/>
      </object_component>
      <object_component id="oc-b9">
         <name>Cmpss2RegsFile</name>
         <uninitialized>true</uninitialized>
         <run_address>0x5ca0</run_address>
         <size>0x20</size>
         <input_file_ref idref="fl-a"/>
      </object_component>
      <object_component id="oc-ba">
         <name>Cmpss3RegsFile</name>
         <uninitialized>true</uninitialized>
         <run_address>0x5cc0</run_address>
         <size>0x20</size>
         <input_file_ref idref="fl-a"/>
      </object_component>
      <object_component id="oc-bb">
         <name>Cmpss4RegsFile</name>
         <uninitialized>true</uninitialized>
         <run_address>0x5ce0</run_address>
         <size>0x20</size>
         <input_file_ref idref="fl-a"/>
      </object_component>
      <object_component id="oc-bc">
         <name>Cmpss5RegsFile</name>
         <uninitialized>true</uninitialized>
         <run_address>0x5d00</run_address>
         <size>0x20</size>
         <input_file_ref idref="fl-a"/>
      </object_component>
      <object_component id="oc-bd">
         <name>Cmpss6RegsFile</name>
         <uninitialized>true</uninitialized>
         <run_address>0x5d20</run_address>
         <size>0x20</size>
         <input_file_ref idref="fl-a"/>
      </object_component>
      <object_component id="oc-be">
         <name>Cmpss7RegsFile</name>
         <uninitialized>true</uninitialized>
         <run_address>0x5d40</run_address>
         <size>0x20</size>
         <input_file_ref idref="fl-a"/>
      </object_component>
      <object_component id="oc-bf">
         <name>Cmpss8RegsFile</name>
         <uninitialized>true</uninitialized>
         <run_address>0x5d60</run_address>
         <size>0x20</size>
         <input_file_ref idref="fl-a"/>
      </object_component>
      <object_component id="oc-a4">
         <name>CpuTimer0RegsFile</name>
         <uninitialized>true</uninitialized>
         <run_address>0xc00</run_address>
         <size>0x8</size>
         <input_file_ref idref="fl-a"/>
      </object_component>
      <object_component id="oc-a5">
         <name>CpuTimer1RegsFile</name>
         <uninitialized>true</uninitialized>
         <run_address>0xc08</run_address>
         <size>0x8</size>
         <input_file_ref idref="fl-a"/>
      </object_component>
      <object_component id="oc-a6">
         <name>CpuTimer2RegsFile</name>
         <uninitialized>true</uninitialized>
         <run_address>0xc10</run_address>
         <size>0x8</size>
         <input_file_ref idref="fl-a"/>
      </object_component>
      <object_component id="oc-a1">
         <name>DacaRegsFile</name>
         <uninitialized>true</uninitialized>
         <run_address>0x5c00</run_address>
         <size>0x8</size>
         <input_file_ref idref="fl-a"/>
      </object_component>
      <object_component id="oc-a2">
         <name>DacbRegsFile</name>
         <uninitialized>true</uninitialized>
         <run_address>0x5c10</run_address>
         <size>0x8</size>
         <input_file_ref idref="fl-a"/>
      </object_component>
      <object_component id="oc-a3">
         <name>DaccRegsFile</name>
         <uninitialized>true</uninitialized>
         <run_address>0x5c20</run_address>
         <size>0x8</size>
         <input_file_ref idref="fl-a"/>
      </object_component>
      <object_component id="oc-cf">
         <name>DcsmZ1RegsFile</name>
         <uninitialized>true</uninitialized>
         <run_address>0x5f000</run_address>
         <size>0x24</size>
         <input_file_ref idref="fl-a"/>
      </object_component>
      <object_component id="oc-d0">
         <name>DcsmZ2RegsFile</name>
         <uninitialized>true</uninitialized>
         <run_address>0x5f040</run_address>
         <size>0x24</size>
         <input_file_ref idref="fl-a"/>
      </object_component>
      <object_component id="oc-a7">
         <name>DcsmCommonRegsFile</name>
         <uninitialized>true</uninitialized>
         <run_address>0x5f070</run_address>
         <size>0x8</size>
         <input_file_ref idref="fl-a"/>
      </object_component>
      <object_component id="oc-e7">
         <name>DmaRegsFile</name>
         <uninitialized>true</uninitialized>
         <run_address>0x1000</run_address>
         <size>0xe0</size>
         <input_file_ref idref="fl-a"/>
      </object_component>
      <object_component id="oc-b6">
         <name>DmaClaSrcSelRegsFile</name>
         <uninitialized>true</uninitialized>
         <run_address>0x7980</run_address>
         <size>0x1a</size>
         <input_file_ref idref="fl-a"/>
      </object_component>
      <object_component id="oc-c0">
         <name>ECap1RegsFile</name>
         <uninitialized>true</uninitialized>
         <run_address>0x5000</run_address>
         <size>0x20</size>
         <input_file_ref idref="fl-a"/>
      </object_component>
      <object_component id="oc-c2">
         <name>ECap2RegsFile</name>
         <uninitialized>true</uninitialized>
         <run_address>0x5020</run_address>
         <size>0x20</size>
         <input_file_ref idref="fl-a"/>
      </object_component>
      <object_component id="oc-c3">
         <name>ECap3RegsFile</name>
         <uninitialized>true</uninitialized>
         <run_address>0x5040</run_address>
         <size>0x20</size>
         <input_file_ref idref="fl-a"/>
      </object_component>
      <object_component id="oc-c4">
         <name>ECap4RegsFile</name>
         <uninitialized>true</uninitialized>
         <run_address>0x5060</run_address>
         <size>0x20</size>
         <input_file_ref idref="fl-a"/>
      </object_component>
      <object_component id="oc-c5">
         <name>ECap5RegsFile</name>
         <uninitialized>true</uninitialized>
         <run_address>0x5080</run_address>
         <size>0x20</size>
         <input_file_ref idref="fl-a"/>
      </object_component>
      <object_component id="oc-c6">
         <name>ECap6RegsFile</name>
         <uninitialized>true</uninitialized>
         <run_address>0x50a0</run_address>
         <size>0x20</size>
         <input_file_ref idref="fl-a"/>
      </object_component>
      <object_component id="oc-dc">
         <name>Emif1RegsFile</name>
         <uninitialized>true</uninitialized>
         <run_address>0x47000</run_address>
         <size>0x70</size>
         <input_file_ref idref="fl-a"/>
      </object_component>
      <object_component id="oc-dd">
         <name>Emif2RegsFile</name>
         <uninitialized>true</uninitialized>
         <run_address>0x47800</run_address>
         <size>0x70</size>
         <input_file_ref idref="fl-a"/>
      </object_component>
      <object_component id="oc-e8">
         <name>EPwm1RegsFile</name>
         <uninitialized>true</uninitialized>
         <run_address>0x4000</run_address>
         <size>0x100</size>
         <input_file_ref idref="fl-a"/>
      </object_component>
      <object_component id="oc-ea">
         <name>EPwm2RegsFile</name>
         <uninitialized>true</uninitialized>
         <run_address>0x4100</run_address>
         <size>0x100</size>
         <input_file_ref idref="fl-a"/>
      </object_component>
      <object_component id="oc-eb">
         <name>EPwm3RegsFile</name>
         <uninitialized>true</uninitialized>
         <run_address>0x4200</run_address>
         <size>0x100</size>
         <input_file_ref idref="fl-a"/>
      </object_component>
      <object_component id="oc-ec">
         <name>EPwm4RegsFile</name>
         <uninitialized>true</uninitialized>
         <run_address>0x4300</run_address>
         <size>0x100</size>
         <input_file_ref idref="fl-a"/>
      </object_component>
      <object_component id="oc-ed">
         <name>EPwm5RegsFile</name>
         <uninitialized>true</uninitialized>
         <run_address>0x4400</run_address>
         <size>0x100</size>
         <input_file_ref idref="fl-a"/>
      </object_component>
      <object_component id="oc-ee">
         <name>EPwm6RegsFile</name>
         <uninitialized>true</uninitialized>
         <run_address>0x4500</run_address>
         <size>0x100</size>
         <input_file_ref idref="fl-a"/>
      </object_component>
      <object_component id="oc-ef">
         <name>EPwm7RegsFile</name>
         <uninitialized>true</uninitialized>
         <run_address>0x4600</run_address>
         <size>0x100</size>
         <input_file_ref idref="fl-a"/>
      </object_component>
      <object_component id="oc-f0">
         <name>EPwm8RegsFile</name>
         <uninitialized>true</uninitialized>
         <run_address>0x4700</run_address>
         <size>0x100</size>
         <input_file_ref idref="fl-a"/>
      </object_component>
      <object_component id="oc-f1">
         <name>EPwm9RegsFile</name>
         <uninitialized>true</uninitialized>
         <run_address>0x4800</run_address>
         <size>0x100</size>
         <input_file_ref idref="fl-a"/>
      </object_component>
      <object_component id="oc-f2">
         <name>EPwm10RegsFile</name>
         <uninitialized>true</uninitialized>
         <run_address>0x4900</run_address>
         <size>0x100</size>
         <input_file_ref idref="fl-a"/>
      </object_component>
      <object_component id="oc-f3">
         <name>EPwm11RegsFile</name>
         <uninitialized>true</uninitialized>
         <run_address>0x4a00</run_address>
         <size>0x100</size>
         <input_file_ref idref="fl-a"/>
      </object_component>
      <object_component id="oc-f4">
         <name>EPwm12RegsFile</name>
         <uninitialized>true</uninitialized>
         <run_address>0x4b00</run_address>
         <size>0x100</size>
         <input_file_ref idref="fl-a"/>
      </object_component>
      <object_component id="oc-c8">
         <name>EQep1RegsFile</name>
         <uninitialized>true</uninitialized>
         <run_address>0x5100</run_address>
         <size>0x22</size>
         <input_file_ref idref="fl-a"/>
      </object_component>
      <object_component id="oc-ca">
         <name>EQep2RegsFile</name>
         <uninitialized>true</uninitialized>
         <run_address>0x5140</run_address>
         <size>0x22</size>
         <input_file_ref idref="fl-a"/>
      </object_component>
      <object_component id="oc-cb">
         <name>EQep3RegsFile</name>
         <uninitialized>true</uninitialized>
         <run_address>0x5180</run_address>
         <size>0x22</size>
         <input_file_ref idref="fl-a"/>
      </object_component>
      <object_component id="oc-f7">
         <name>Flash0CtrlRegsFile</name>
         <uninitialized>true</uninitialized>
         <run_address>0x5f800</run_address>
         <size>0x182</size>
         <input_file_ref idref="fl-a"/>
      </object_component>
      <object_component id="oc-d5">
         <name>Flash0EccRegsFile</name>
         <uninitialized>true</uninitialized>
         <run_address>0x5fb00</run_address>
         <size>0x28</size>
         <input_file_ref idref="fl-a"/>
      </object_component>
      <object_component id="oc-d7">
         <name>GpioDataRegsFile</name>
         <uninitialized>true</uninitialized>
         <run_address>0x7f00</run_address>
         <size>0x30</size>
         <input_file_ref idref="fl-a"/>
      </object_component>
      <object_component id="oc-cc">
         <name>I2caRegsFile</name>
         <uninitialized>true</uninitialized>
         <run_address>0x7300</run_address>
         <size>0x22</size>
         <input_file_ref idref="fl-a"/>
      </object_component>
      <object_component id="oc-ce">
         <name>I2cbRegsFile</name>
         <uninitialized>true</uninitialized>
         <run_address>0x7340</run_address>
         <size>0x22</size>
         <input_file_ref idref="fl-a"/>
      </object_component>
      <object_component id="oc-d1">
         <name>IpcRegsFile</name>
         <uninitialized>true</uninitialized>
         <run_address>0x50000</run_address>
         <size>0x24</size>
         <input_file_ref idref="fl-a"/>
      </object_component>
      <object_component id="oc-9e">
         <name>FlashPumpSemaphoreRegsFile</name>
         <uninitialized>true</uninitialized>
         <run_address>0x50024</run_address>
         <size>0x2</size>
         <input_file_ref idref="fl-a"/>
      </object_component>
      <object_component id="oc-e2">
         <name>MemCfgRegsFile</name>
         <uninitialized>true</uninitialized>
         <run_address>0x5f400</run_address>
         <size>0x80</size>
         <input_file_ref idref="fl-a"/>
      </object_component>
      <object_component id="oc-c7">
         <name>Emif1ConfigRegsFile</name>
         <uninitialized>true</uninitialized>
         <run_address>0x5f480</run_address>
         <size>0x20</size>
         <input_file_ref idref="fl-a"/>
      </object_component>
      <object_component id="oc-da">
         <name>AccessProtectionRegsFile</name>
         <uninitialized>true</uninitialized>
         <run_address>0x5f4c0</run_address>
         <size>0x40</size>
         <input_file_ref idref="fl-a"/>
      </object_component>
      <object_component id="oc-db">
         <name>MemoryErrorRegsFile</name>
         <uninitialized>true</uninitialized>
         <run_address>0x5f500</run_address>
         <size>0x40</size>
         <input_file_ref idref="fl-a"/>
      </object_component>
      <object_component id="oc-d2">
         <name>McbspaRegsFile</name>
         <uninitialized>true</uninitialized>
         <run_address>0x6000</run_address>
         <size>0x24</size>
         <input_file_ref idref="fl-a"/>
      </object_component>
      <object_component id="oc-d4">
         <name>McbspbRegsFile</name>
         <uninitialized>true</uninitialized>
         <run_address>0x6040</run_address>
         <size>0x24</size>
         <input_file_ref idref="fl-a"/>
      </object_component>
      <object_component id="oc-a0">
         <name>NmiIntruptRegsFile</name>
         <uninitialized>true</uninitialized>
         <run_address>0x7060</run_address>
         <size>0x7</size>
         <input_file_ref idref="fl-a"/>
      </object_component>
      <object_component id="oc-b7">
         <name>PieCtrlRegsFile</name>
         <uninitialized>true</uninitialized>
         <run_address>0xce0</run_address>
         <size>0x1a</size>
         <input_file_ref idref="fl-a"/>
      </object_component>
      <object_component id="oc-a9">
         <name>SciaRegsFile</name>
         <uninitialized>true</uninitialized>
         <run_address>0x7200</run_address>
         <size>0x10</size>
         <input_file_ref idref="fl-a"/>
      </object_component>
      <object_component id="oc-ab">
         <name>ScibRegsFile</name>
         <uninitialized>true</uninitialized>
         <run_address>0x7210</run_address>
         <size>0x10</size>
         <input_file_ref idref="fl-a"/>
      </object_component>
      <object_component id="oc-ac">
         <name>ScicRegsFile</name>
         <uninitialized>true</uninitialized>
         <run_address>0x7220</run_address>
         <size>0x10</size>
         <input_file_ref idref="fl-a"/>
      </object_component>
      <object_component id="oc-ad">
         <name>ScidRegsFile</name>
         <uninitialized>true</uninitialized>
         <run_address>0x7230</run_address>
         <size>0x10</size>
         <input_file_ref idref="fl-a"/>
      </object_component>
      <object_component id="oc-e3">
         <name>Sdfm1RegsFile</name>
         <uninitialized>true</uninitialized>
         <run_address>0x5e00</run_address>
         <size>0x80</size>
         <input_file_ref idref="fl-a"/>
      </object_component>
      <object_component id="oc-e5">
         <name>Sdfm2RegsFile</name>
         <uninitialized>true</uninitialized>
         <run_address>0x5e80</run_address>
         <size>0x80</size>
         <input_file_ref idref="fl-a"/>
      </object_component>
      <object_component id="oc-ae">
         <name>SpiaRegsFile</name>
         <uninitialized>true</uninitialized>
         <run_address>0x6100</run_address>
         <size>0x10</size>
         <input_file_ref idref="fl-a"/>
      </object_component>
      <object_component id="oc-b0">
         <name>SpibRegsFile</name>
         <uninitialized>true</uninitialized>
         <run_address>0x6110</run_address>
         <size>0x10</size>
         <input_file_ref idref="fl-a"/>
      </object_component>
      <object_component id="oc-b1">
         <name>SpicRegsFile</name>
         <uninitialized>true</uninitialized>
         <run_address>0x6120</run_address>
         <size>0x10</size>
         <input_file_ref idref="fl-a"/>
      </object_component>
      <object_component id="oc-d8">
         <name>ClkCfgRegsFile</name>
         <uninitialized>true</uninitialized>
         <run_address>0x5d200</run_address>
         <size>0x32</size>
         <input_file_ref idref="fl-a"/>
      </object_component>
      <object_component id="oc-e6">
         <name>CpuSysRegsFile</name>
         <uninitialized>true</uninitialized>
         <run_address>0x5d300</run_address>
         <size>0x82</size>
         <input_file_ref idref="fl-a"/>
      </object_component>
      <object_component id="oc-d6">
         <name>WdRegsFile</name>
         <uninitialized>true</uninitialized>
         <run_address>0x7000</run_address>
         <size>0x2b</size>
         <input_file_ref idref="fl-a"/>
      </object_component>
      <object_component id="oc-a8">
         <name>XintRegsFile</name>
         <uninitialized>true</uninitialized>
         <run_address>0x7070</run_address>
         <size>0xb</size>
         <input_file_ref idref="fl-a"/>
      </object_component>
      <object_component id="oc-72">
         <name>.debug_info</name>
         <load_address>0x0</load_address>
         <run_address>0x0</run_address>
         <size>0x5e96</size>
         <input_file_ref idref="fl-2"/>
      </object_component>
      <object_component id="oc-77">
         <name>.debug_info</name>
         <load_address>0x5e96</load_address>
         <run_address>0x5e96</run_address>
         <size>0x4669</size>
         <input_file_ref idref="fl-3"/>
      </object_component>
      <object_component id="oc-7e">
         <name>.debug_info</name>
         <load_address>0xa4ff</load_address>
         <run_address>0xa4ff</run_address>
         <size>0xfe</size>
         <input_file_ref idref="fl-4"/>
      </object_component>
      <object_component id="oc-81">
         <name>.debug_info</name>
         <load_address>0xa5fd</load_address>
         <run_address>0xa5fd</run_address>
         <size>0x820</size>
         <input_file_ref idref="fl-5"/>
      </object_component>
      <object_component id="oc-89">
         <name>.debug_info</name>
         <load_address>0xae1d</load_address>
         <run_address>0xae1d</run_address>
         <size>0xf6</size>
         <input_file_ref idref="fl-6"/>
      </object_component>
      <object_component id="oc-8c">
         <name>.debug_info</name>
         <load_address>0xaf13</load_address>
         <run_address>0xaf13</run_address>
         <size>0x3c7b</size>
         <input_file_ref idref="fl-7"/>
      </object_component>
      <object_component id="oc-92">
         <name>.debug_info</name>
         <load_address>0xeb8e</load_address>
         <run_address>0xeb8e</run_address>
         <size>0x471b</size>
         <input_file_ref idref="fl-8"/>
      </object_component>
      <object_component id="oc-97">
         <name>.debug_info</name>
         <load_address>0x132a9</load_address>
         <run_address>0x132a9</run_address>
         <size>0x1449</size>
         <input_file_ref idref="fl-9"/>
      </object_component>
      <object_component id="oc-9c">
         <name>.debug_info</name>
         <load_address>0x146f2</load_address>
         <run_address>0x146f2</run_address>
         <size>0x30532</size>
         <input_file_ref idref="fl-a"/>
      </object_component>
      <object_component id="oc-fa">
         <name>.debug_info</name>
         <load_address>0x44c24</load_address>
         <run_address>0x44c24</run_address>
         <size>0x5e73</size>
         <input_file_ref idref="fl-b"/>
      </object_component>
      <object_component id="oc-ff">
         <name>.debug_info</name>
         <load_address>0x4aa97</load_address>
         <run_address>0x4aa97</run_address>
         <size>0x187</size>
         <input_file_ref idref="fl-c"/>
      </object_component>
      <object_component id="oc-101">
         <name>.debug_info</name>
         <load_address>0x4ac1e</load_address>
         <run_address>0x4ac1e</run_address>
         <size>0x1635</size>
         <input_file_ref idref="fl-d"/>
      </object_component>
      <object_component id="oc-106">
         <name>.debug_info</name>
         <load_address>0x4c253</load_address>
         <run_address>0x4c253</run_address>
         <size>0x4c5a</size>
         <input_file_ref idref="fl-e"/>
      </object_component>
      <object_component id="oc-111">
         <name>.debug_info</name>
         <load_address>0x50ead</load_address>
         <run_address>0x50ead</run_address>
         <size>0x48ea</size>
         <input_file_ref idref="fl-f"/>
      </object_component>
      <object_component id="oc-116">
         <name>.debug_info</name>
         <load_address>0x55797</load_address>
         <run_address>0x55797</run_address>
         <size>0x15ea</size>
         <input_file_ref idref="fl-10"/>
      </object_component>
      <object_component id="oc-11b">
         <name>.debug_info</name>
         <load_address>0x56d81</load_address>
         <run_address>0x56d81</run_address>
         <size>0x12d7</size>
         <input_file_ref idref="fl-11"/>
      </object_component>
      <object_component id="oc-120">
         <name>.debug_info</name>
         <load_address>0x58058</load_address>
         <run_address>0x58058</run_address>
         <size>0x3552</size>
         <input_file_ref idref="fl-12"/>
      </object_component>
      <object_component id="oc-125">
         <name>.debug_info</name>
         <load_address>0x5b5aa</load_address>
         <run_address>0x5b5aa</run_address>
         <size>0x66f7</size>
         <input_file_ref idref="fl-13"/>
      </object_component>
      <object_component id="oc-12a">
         <name>.debug_info</name>
         <load_address>0x61ca1</load_address>
         <run_address>0x61ca1</run_address>
         <size>0x187</size>
         <input_file_ref idref="fl-14"/>
      </object_component>
      <object_component id="oc-12c">
         <name>.debug_info</name>
         <load_address>0x61e28</load_address>
         <run_address>0x61e28</run_address>
         <size>0x7dd9</size>
         <input_file_ref idref="fl-15"/>
      </object_component>
      <object_component id="oc-131">
         <name>.debug_info</name>
         <load_address>0x69c01</load_address>
         <run_address>0x69c01</run_address>
         <size>0x29d3</size>
         <input_file_ref idref="fl-16"/>
      </object_component>
      <object_component id="oc-136">
         <name>.debug_info</name>
         <load_address>0x6c5d4</load_address>
         <run_address>0x6c5d4</run_address>
         <size>0x340c</size>
         <input_file_ref idref="fl-17"/>
      </object_component>
      <object_component id="oc-13d">
         <name>.debug_info</name>
         <load_address>0x6f9e0</load_address>
         <run_address>0x6f9e0</run_address>
         <size>0x1fb6</size>
         <input_file_ref idref="fl-18"/>
      </object_component>
      <object_component id="oc-142">
         <name>.debug_info</name>
         <load_address>0x71996</load_address>
         <run_address>0x71996</run_address>
         <size>0xbbe5</size>
         <input_file_ref idref="fl-19"/>
      </object_component>
      <object_component id="oc-146">
         <name>.debug_info</name>
         <load_address>0x7d57b</load_address>
         <run_address>0x7d57b</run_address>
         <size>0xf9</size>
         <input_file_ref idref="fl-1a"/>
      </object_component>
      <object_component id="oc-14b">
         <name>.debug_info</name>
         <load_address>0x7d674</load_address>
         <run_address>0x7d674</run_address>
         <size>0x172</size>
         <input_file_ref idref="fl-2b"/>
      </object_component>
      <object_component id="oc-150">
         <name>.debug_info</name>
         <load_address>0x7d7e6</load_address>
         <run_address>0x7d7e6</run_address>
         <size>0x175</size>
         <input_file_ref idref="fl-2c"/>
      </object_component>
      <object_component id="oc-154">
         <name>.debug_info</name>
         <load_address>0x7d95b</load_address>
         <run_address>0x7d95b</run_address>
         <size>0x560</size>
         <input_file_ref idref="fl-2d"/>
      </object_component>
      <object_component id="oc-159">
         <name>.debug_info</name>
         <load_address>0x7debb</load_address>
         <run_address>0x7debb</run_address>
         <size>0x439</size>
         <input_file_ref idref="fl-2e"/>
      </object_component>
      <object_component id="oc-15e">
         <name>.debug_info</name>
         <load_address>0x7e2f4</load_address>
         <run_address>0x7e2f4</run_address>
         <size>0x3ac</size>
         <input_file_ref idref="fl-2f"/>
      </object_component>
      <object_component id="oc-163">
         <name>.debug_info</name>
         <load_address>0x7e6a0</load_address>
         <run_address>0x7e6a0</run_address>
         <size>0x3a9</size>
         <input_file_ref idref="fl-30"/>
      </object_component>
      <object_component id="oc-168">
         <name>.debug_info</name>
         <load_address>0x7ea49</load_address>
         <run_address>0x7ea49</run_address>
         <size>0x543</size>
         <input_file_ref idref="fl-31"/>
      </object_component>
      <object_component id="oc-16f">
         <name>.debug_info</name>
         <load_address>0x7ef8c</load_address>
         <run_address>0x7ef8c</run_address>
         <size>0x4cb</size>
         <input_file_ref idref="fl-32"/>
      </object_component>
      <object_component id="oc-174">
         <name>.debug_info</name>
         <load_address>0x7f457</load_address>
         <run_address>0x7f457</run_address>
         <size>0x466</size>
         <input_file_ref idref="fl-33"/>
      </object_component>
      <object_component id="oc-179">
         <name>.debug_info</name>
         <load_address>0x7f8bd</load_address>
         <run_address>0x7f8bd</run_address>
         <size>0x375</size>
         <input_file_ref idref="fl-34"/>
      </object_component>
      <object_component id="oc-20f">
         <name>.debug_info</name>
         <load_address>0x7fc32</load_address>
         <run_address>0x7fc32</run_address>
         <size>0xa5</size>
      </object_component>
      <object_component id="oc-73">
         <name>.debug_frame</name>
         <load_address>0x0</load_address>
         <run_address>0x0</run_address>
         <size>0x40</size>
         <input_file_ref idref="fl-2"/>
      </object_component>
      <object_component id="oc-78">
         <name>.debug_frame</name>
         <load_address>0x40</load_address>
         <run_address>0x40</run_address>
         <size>0x28</size>
         <input_file_ref idref="fl-3"/>
      </object_component>
      <object_component id="oc-83">
         <name>.debug_frame</name>
         <load_address>0x68</load_address>
         <run_address>0x68</run_address>
         <size>0x28</size>
         <input_file_ref idref="fl-5"/>
      </object_component>
      <object_component id="oc-8e">
         <name>.debug_frame</name>
         <load_address>0x90</load_address>
         <run_address>0x90</run_address>
         <size>0x11d0</size>
         <input_file_ref idref="fl-7"/>
      </object_component>
      <object_component id="oc-93">
         <name>.debug_frame</name>
         <load_address>0x1260</load_address>
         <run_address>0x1260</run_address>
         <size>0x28</size>
         <input_file_ref idref="fl-8"/>
      </object_component>
      <object_component id="oc-98">
         <name>.debug_frame</name>
         <load_address>0x1288</load_address>
         <run_address>0x1288</run_address>
         <size>0x28</size>
         <input_file_ref idref="fl-9"/>
      </object_component>
      <object_component id="oc-fb">
         <name>.debug_frame</name>
         <load_address>0x12b0</load_address>
         <run_address>0x12b0</run_address>
         <size>0x5c</size>
         <input_file_ref idref="fl-b"/>
      </object_component>
      <object_component id="oc-102">
         <name>.debug_frame</name>
         <load_address>0x130c</load_address>
         <run_address>0x130c</run_address>
         <size>0x28</size>
         <input_file_ref idref="fl-d"/>
      </object_component>
      <object_component id="oc-10d">
         <name>.debug_frame</name>
         <load_address>0x1334</load_address>
         <run_address>0x1334</run_address>
         <size>0x28</size>
         <input_file_ref idref="fl-e"/>
      </object_component>
      <object_component id="oc-112">
         <name>.debug_frame</name>
         <load_address>0x135c</load_address>
         <run_address>0x135c</run_address>
         <size>0x28</size>
         <input_file_ref idref="fl-f"/>
      </object_component>
      <object_component id="oc-117">
         <name>.debug_frame</name>
         <load_address>0x1384</load_address>
         <run_address>0x1384</run_address>
         <size>0x28</size>
         <input_file_ref idref="fl-10"/>
      </object_component>
      <object_component id="oc-11c">
         <name>.debug_frame</name>
         <load_address>0x13ac</load_address>
         <run_address>0x13ac</run_address>
         <size>0x28</size>
         <input_file_ref idref="fl-11"/>
      </object_component>
      <object_component id="oc-121">
         <name>.debug_frame</name>
         <load_address>0x13d4</load_address>
         <run_address>0x13d4</run_address>
         <size>0x58</size>
         <input_file_ref idref="fl-12"/>
      </object_component>
      <object_component id="oc-126">
         <name>.debug_frame</name>
         <load_address>0x142c</load_address>
         <run_address>0x142c</run_address>
         <size>0x40</size>
         <input_file_ref idref="fl-13"/>
      </object_component>
      <object_component id="oc-12d">
         <name>.debug_frame</name>
         <load_address>0x146c</load_address>
         <run_address>0x146c</run_address>
         <size>0x214</size>
         <input_file_ref idref="fl-15"/>
      </object_component>
      <object_component id="oc-132">
         <name>.debug_frame</name>
         <load_address>0x1680</load_address>
         <run_address>0x1680</run_address>
         <size>0x28</size>
         <input_file_ref idref="fl-16"/>
      </object_component>
      <object_component id="oc-139">
         <name>.debug_frame</name>
         <load_address>0x16a8</load_address>
         <run_address>0x16a8</run_address>
         <size>0x28</size>
         <input_file_ref idref="fl-17"/>
      </object_component>
      <object_component id="oc-13e">
         <name>.debug_frame</name>
         <load_address>0x16d0</load_address>
         <run_address>0x16d0</run_address>
         <size>0x28</size>
         <input_file_ref idref="fl-18"/>
      </object_component>
      <object_component id="oc-155">
         <name>.debug_frame</name>
         <load_address>0x16f8</load_address>
         <run_address>0x16f8</run_address>
         <size>0x60</size>
         <input_file_ref idref="fl-2d"/>
      </object_component>
      <object_component id="oc-15a">
         <name>.debug_frame</name>
         <load_address>0x1758</load_address>
         <run_address>0x1758</run_address>
         <size>0x40</size>
         <input_file_ref idref="fl-2e"/>
      </object_component>
      <object_component id="oc-15f">
         <name>.debug_frame</name>
         <load_address>0x1798</load_address>
         <run_address>0x1798</run_address>
         <size>0x40</size>
         <input_file_ref idref="fl-2f"/>
      </object_component>
      <object_component id="oc-164">
         <name>.debug_frame</name>
         <load_address>0x17d8</load_address>
         <run_address>0x17d8</run_address>
         <size>0x40</size>
         <input_file_ref idref="fl-30"/>
      </object_component>
      <object_component id="oc-16b">
         <name>.debug_frame</name>
         <load_address>0x1818</load_address>
         <run_address>0x1818</run_address>
         <size>0x60</size>
         <input_file_ref idref="fl-31"/>
      </object_component>
      <object_component id="oc-170">
         <name>.debug_frame</name>
         <load_address>0x1878</load_address>
         <run_address>0x1878</run_address>
         <size>0x70</size>
         <input_file_ref idref="fl-32"/>
      </object_component>
      <object_component id="oc-175">
         <name>.debug_frame</name>
         <load_address>0x18e8</load_address>
         <run_address>0x18e8</run_address>
         <size>0x40</size>
         <input_file_ref idref="fl-33"/>
      </object_component>
      <object_component id="oc-17a">
         <name>.debug_frame</name>
         <load_address>0x1928</load_address>
         <run_address>0x1928</run_address>
         <size>0x28</size>
         <input_file_ref idref="fl-34"/>
      </object_component>
      <object_component id="oc-74">
         <name>.debug_line</name>
         <load_address>0x0</load_address>
         <run_address>0x0</run_address>
         <size>0x54</size>
         <input_file_ref idref="fl-2"/>
      </object_component>
      <object_component id="oc-79">
         <name>.debug_line</name>
         <load_address>0x54</load_address>
         <run_address>0x54</run_address>
         <size>0x38</size>
         <input_file_ref idref="fl-3"/>
      </object_component>
      <object_component id="oc-7d">
         <name>.debug_line</name>
         <load_address>0x8c</load_address>
         <run_address>0x8c</run_address>
         <size>0x54</size>
         <input_file_ref idref="fl-4"/>
      </object_component>
      <object_component id="oc-84">
         <name>.debug_line</name>
         <load_address>0xe0</load_address>
         <run_address>0xe0</run_address>
         <size>0x3e</size>
         <input_file_ref idref="fl-5"/>
      </object_component>
      <object_component id="oc-88">
         <name>.debug_line</name>
         <load_address>0x11e</load_address>
         <run_address>0x11e</run_address>
         <size>0x4d</size>
         <input_file_ref idref="fl-6"/>
      </object_component>
      <object_component id="oc-8f">
         <name>.debug_line</name>
         <load_address>0x16b</load_address>
         <run_address>0x16b</run_address>
         <size>0xc59</size>
         <input_file_ref idref="fl-7"/>
      </object_component>
      <object_component id="oc-94">
         <name>.debug_line</name>
         <load_address>0xdc4</load_address>
         <run_address>0xdc4</run_address>
         <size>0x38</size>
         <input_file_ref idref="fl-8"/>
      </object_component>
      <object_component id="oc-99">
         <name>.debug_line</name>
         <load_address>0xdfc</load_address>
         <run_address>0xdfc</run_address>
         <size>0x39</size>
         <input_file_ref idref="fl-9"/>
      </object_component>
      <object_component id="oc-fc">
         <name>.debug_line</name>
         <load_address>0xe35</load_address>
         <run_address>0xe35</run_address>
         <size>0x6b</size>
         <input_file_ref idref="fl-b"/>
      </object_component>
      <object_component id="oc-103">
         <name>.debug_line</name>
         <load_address>0xea0</load_address>
         <run_address>0xea0</run_address>
         <size>0x38</size>
         <input_file_ref idref="fl-d"/>
      </object_component>
      <object_component id="oc-10e">
         <name>.debug_line</name>
         <load_address>0xed8</load_address>
         <run_address>0xed8</run_address>
         <size>0x3f</size>
         <input_file_ref idref="fl-e"/>
      </object_component>
      <object_component id="oc-113">
         <name>.debug_line</name>
         <load_address>0xf17</load_address>
         <run_address>0xf17</run_address>
         <size>0x44</size>
         <input_file_ref idref="fl-f"/>
      </object_component>
      <object_component id="oc-118">
         <name>.debug_line</name>
         <load_address>0xf5b</load_address>
         <run_address>0xf5b</run_address>
         <size>0x44</size>
         <input_file_ref idref="fl-10"/>
      </object_component>
      <object_component id="oc-11d">
         <name>.debug_line</name>
         <load_address>0xf9f</load_address>
         <run_address>0xf9f</run_address>
         <size>0x3a</size>
         <input_file_ref idref="fl-11"/>
      </object_component>
      <object_component id="oc-122">
         <name>.debug_line</name>
         <load_address>0xfd9</load_address>
         <run_address>0xfd9</run_address>
         <size>0x84</size>
         <input_file_ref idref="fl-12"/>
      </object_component>
      <object_component id="oc-127">
         <name>.debug_line</name>
         <load_address>0x105d</load_address>
         <run_address>0x105d</run_address>
         <size>0x5c</size>
         <input_file_ref idref="fl-13"/>
      </object_component>
      <object_component id="oc-12e">
         <name>.debug_line</name>
         <load_address>0x10b9</load_address>
         <run_address>0x10b9</run_address>
         <size>0x36b</size>
         <input_file_ref idref="fl-15"/>
      </object_component>
      <object_component id="oc-133">
         <name>.debug_line</name>
         <load_address>0x1424</load_address>
         <run_address>0x1424</run_address>
         <size>0x38</size>
         <input_file_ref idref="fl-16"/>
      </object_component>
      <object_component id="oc-13a">
         <name>.debug_line</name>
         <load_address>0x145c</load_address>
         <run_address>0x145c</run_address>
         <size>0x3b</size>
         <input_file_ref idref="fl-17"/>
      </object_component>
      <object_component id="oc-13f">
         <name>.debug_line</name>
         <load_address>0x1497</load_address>
         <run_address>0x1497</run_address>
         <size>0x41</size>
         <input_file_ref idref="fl-18"/>
      </object_component>
      <object_component id="oc-145">
         <name>.debug_line</name>
         <load_address>0x14d8</load_address>
         <run_address>0x14d8</run_address>
         <size>0x51</size>
         <input_file_ref idref="fl-1a"/>
      </object_component>
      <object_component id="oc-14c">
         <name>.debug_line</name>
         <load_address>0x1529</load_address>
         <run_address>0x1529</run_address>
         <size>0x7e</size>
         <input_file_ref idref="fl-2b"/>
      </object_component>
      <object_component id="oc-151">
         <name>.debug_line</name>
         <load_address>0x15a7</load_address>
         <run_address>0x15a7</run_address>
         <size>0x6c</size>
         <input_file_ref idref="fl-2c"/>
      </object_component>
      <object_component id="oc-156">
         <name>.debug_line</name>
         <load_address>0x1613</load_address>
         <run_address>0x1613</run_address>
         <size>0x50</size>
         <input_file_ref idref="fl-2d"/>
      </object_component>
      <object_component id="oc-15b">
         <name>.debug_line</name>
         <load_address>0x1663</load_address>
         <run_address>0x1663</run_address>
         <size>0x62</size>
         <input_file_ref idref="fl-2e"/>
      </object_component>
      <object_component id="oc-160">
         <name>.debug_line</name>
         <load_address>0x16c5</load_address>
         <run_address>0x16c5</run_address>
         <size>0x3e</size>
         <input_file_ref idref="fl-2f"/>
      </object_component>
      <object_component id="oc-165">
         <name>.debug_line</name>
         <load_address>0x1703</load_address>
         <run_address>0x1703</run_address>
         <size>0x3a</size>
         <input_file_ref idref="fl-30"/>
      </object_component>
      <object_component id="oc-16c">
         <name>.debug_line</name>
         <load_address>0x173d</load_address>
         <run_address>0x173d</run_address>
         <size>0x65</size>
         <input_file_ref idref="fl-31"/>
      </object_component>
      <object_component id="oc-171">
         <name>.debug_line</name>
         <load_address>0x17a2</load_address>
         <run_address>0x17a2</run_address>
         <size>0x5e</size>
         <input_file_ref idref="fl-32"/>
      </object_component>
      <object_component id="oc-176">
         <name>.debug_line</name>
         <load_address>0x1800</load_address>
         <run_address>0x1800</run_address>
         <size>0x55</size>
         <input_file_ref idref="fl-33"/>
      </object_component>
      <object_component id="oc-17b">
         <name>.debug_line</name>
         <load_address>0x1855</load_address>
         <run_address>0x1855</run_address>
         <size>0x8d</size>
         <input_file_ref idref="fl-34"/>
      </object_component>
      <object_component id="oc-75">
         <name>.debug_abbrev</name>
         <load_address>0x0</load_address>
         <run_address>0x0</run_address>
         <size>0xef</size>
         <input_file_ref idref="fl-2"/>
      </object_component>
      <object_component id="oc-7a">
         <name>.debug_abbrev</name>
         <load_address>0xef</load_address>
         <run_address>0xef</run_address>
         <size>0x143</size>
         <input_file_ref idref="fl-3"/>
      </object_component>
      <object_component id="oc-7f">
         <name>.debug_abbrev</name>
         <load_address>0x232</load_address>
         <run_address>0x232</run_address>
         <size>0x21</size>
         <input_file_ref idref="fl-4"/>
      </object_component>
      <object_component id="oc-85">
         <name>.debug_abbrev</name>
         <load_address>0x253</load_address>
         <run_address>0x253</run_address>
         <size>0x104</size>
         <input_file_ref idref="fl-5"/>
      </object_component>
      <object_component id="oc-8a">
         <name>.debug_abbrev</name>
         <load_address>0x357</load_address>
         <run_address>0x357</run_address>
         <size>0x2f</size>
         <input_file_ref idref="fl-6"/>
      </object_component>
      <object_component id="oc-90">
         <name>.debug_abbrev</name>
         <load_address>0x386</load_address>
         <run_address>0x386</run_address>
         <size>0xb6</size>
         <input_file_ref idref="fl-7"/>
      </object_component>
      <object_component id="oc-95">
         <name>.debug_abbrev</name>
         <load_address>0x43c</load_address>
         <run_address>0x43c</run_address>
         <size>0x156</size>
         <input_file_ref idref="fl-8"/>
      </object_component>
      <object_component id="oc-9a">
         <name>.debug_abbrev</name>
         <load_address>0x592</load_address>
         <run_address>0x592</run_address>
         <size>0xff</size>
         <input_file_ref idref="fl-9"/>
      </object_component>
      <object_component id="oc-f9">
         <name>.debug_abbrev</name>
         <load_address>0x691</load_address>
         <run_address>0x691</run_address>
         <size>0xcb</size>
         <input_file_ref idref="fl-a"/>
      </object_component>
      <object_component id="oc-fd">
         <name>.debug_abbrev</name>
         <load_address>0x75c</load_address>
         <run_address>0x75c</run_address>
         <size>0x11d</size>
         <input_file_ref idref="fl-b"/>
      </object_component>
      <object_component id="oc-100">
         <name>.debug_abbrev</name>
         <load_address>0x879</load_address>
         <run_address>0x879</run_address>
         <size>0x21</size>
         <input_file_ref idref="fl-c"/>
      </object_component>
      <object_component id="oc-104">
         <name>.debug_abbrev</name>
         <load_address>0x89a</load_address>
         <run_address>0x89a</run_address>
         <size>0x166</size>
         <input_file_ref idref="fl-d"/>
      </object_component>
      <object_component id="oc-10f">
         <name>.debug_abbrev</name>
         <load_address>0xa00</load_address>
         <run_address>0xa00</run_address>
         <size>0x1c9</size>
         <input_file_ref idref="fl-e"/>
      </object_component>
      <object_component id="oc-114">
         <name>.debug_abbrev</name>
         <load_address>0xbc9</load_address>
         <run_address>0xbc9</run_address>
         <size>0x1b2</size>
         <input_file_ref idref="fl-f"/>
      </object_component>
      <object_component id="oc-119">
         <name>.debug_abbrev</name>
         <load_address>0xd7b</load_address>
         <run_address>0xd7b</run_address>
         <size>0x128</size>
         <input_file_ref idref="fl-10"/>
      </object_component>
      <object_component id="oc-11e">
         <name>.debug_abbrev</name>
         <load_address>0xea3</load_address>
         <run_address>0xea3</run_address>
         <size>0x138</size>
         <input_file_ref idref="fl-11"/>
      </object_component>
      <object_component id="oc-123">
         <name>.debug_abbrev</name>
         <load_address>0xfdb</load_address>
         <run_address>0xfdb</run_address>
         <size>0xc8</size>
         <input_file_ref idref="fl-12"/>
      </object_component>
      <object_component id="oc-128">
         <name>.debug_abbrev</name>
         <load_address>0x10a3</load_address>
         <run_address>0x10a3</run_address>
         <size>0x116</size>
         <input_file_ref idref="fl-13"/>
      </object_component>
      <object_component id="oc-12b">
         <name>.debug_abbrev</name>
         <load_address>0x11b9</load_address>
         <run_address>0x11b9</run_address>
         <size>0x21</size>
         <input_file_ref idref="fl-14"/>
      </object_component>
      <object_component id="oc-12f">
         <name>.debug_abbrev</name>
         <load_address>0x11da</load_address>
         <run_address>0x11da</run_address>
         <size>0x1a3</size>
         <input_file_ref idref="fl-15"/>
      </object_component>
      <object_component id="oc-134">
         <name>.debug_abbrev</name>
         <load_address>0x137d</load_address>
         <run_address>0x137d</run_address>
         <size>0xf5</size>
         <input_file_ref idref="fl-16"/>
      </object_component>
      <object_component id="oc-13b">
         <name>.debug_abbrev</name>
         <load_address>0x1472</load_address>
         <run_address>0x1472</run_address>
         <size>0x11a</size>
         <input_file_ref idref="fl-17"/>
      </object_component>
      <object_component id="oc-140">
         <name>.debug_abbrev</name>
         <load_address>0x158c</load_address>
         <run_address>0x158c</run_address>
         <size>0x17f</size>
         <input_file_ref idref="fl-18"/>
      </object_component>
      <object_component id="oc-143">
         <name>.debug_abbrev</name>
         <load_address>0x170b</load_address>
         <run_address>0x170b</run_address>
         <size>0xc0</size>
         <input_file_ref idref="fl-19"/>
      </object_component>
      <object_component id="oc-147">
         <name>.debug_abbrev</name>
         <load_address>0x17cb</load_address>
         <run_address>0x17cb</run_address>
         <size>0x2f</size>
         <input_file_ref idref="fl-1a"/>
      </object_component>
      <object_component id="oc-14d">
         <name>.debug_abbrev</name>
         <load_address>0x17fa</load_address>
         <run_address>0x17fa</run_address>
         <size>0x46</size>
         <input_file_ref idref="fl-2b"/>
      </object_component>
      <object_component id="oc-152">
         <name>.debug_abbrev</name>
         <load_address>0x1840</load_address>
         <run_address>0x1840</run_address>
         <size>0x38</size>
         <input_file_ref idref="fl-2c"/>
      </object_component>
      <object_component id="oc-157">
         <name>.debug_abbrev</name>
         <load_address>0x1878</load_address>
         <run_address>0x1878</run_address>
         <size>0xe3</size>
         <input_file_ref idref="fl-2d"/>
      </object_component>
      <object_component id="oc-15c">
         <name>.debug_abbrev</name>
         <load_address>0x195b</load_address>
         <run_address>0x195b</run_address>
         <size>0xa8</size>
         <input_file_ref idref="fl-2e"/>
      </object_component>
      <object_component id="oc-161">
         <name>.debug_abbrev</name>
         <load_address>0x1a03</load_address>
         <run_address>0x1a03</run_address>
         <size>0x68</size>
         <input_file_ref idref="fl-2f"/>
      </object_component>
      <object_component id="oc-166">
         <name>.debug_abbrev</name>
         <load_address>0x1a6b</load_address>
         <run_address>0x1a6b</run_address>
         <size>0x66</size>
         <input_file_ref idref="fl-30"/>
      </object_component>
      <object_component id="oc-16d">
         <name>.debug_abbrev</name>
         <load_address>0x1ad1</load_address>
         <run_address>0x1ad1</run_address>
         <size>0x130</size>
         <input_file_ref idref="fl-31"/>
      </object_component>
      <object_component id="oc-172">
         <name>.debug_abbrev</name>
         <load_address>0x1c01</load_address>
         <run_address>0x1c01</run_address>
         <size>0xb2</size>
         <input_file_ref idref="fl-32"/>
      </object_component>
      <object_component id="oc-177">
         <name>.debug_abbrev</name>
         <load_address>0x1cb3</load_address>
         <run_address>0x1cb3</run_address>
         <size>0xee</size>
         <input_file_ref idref="fl-33"/>
      </object_component>
      <object_component id="oc-17c">
         <name>.debug_abbrev</name>
         <load_address>0x1da1</load_address>
         <run_address>0x1da1</run_address>
         <size>0xa8</size>
         <input_file_ref idref="fl-34"/>
      </object_component>
      <object_component id="oc-210">
         <name>.debug_abbrev</name>
         <load_address>0x1e49</load_address>
         <run_address>0x1e49</run_address>
         <size>0xf</size>
      </object_component>
      <object_component id="oc-76">
         <name>.debug_aranges</name>
         <load_address>0x0</load_address>
         <run_address>0x0</run_address>
         <size>0x20</size>
         <input_file_ref idref="fl-2"/>
      </object_component>
      <object_component id="oc-7b">
         <name>.debug_aranges</name>
         <load_address>0x20</load_address>
         <run_address>0x20</run_address>
         <size>0x18</size>
         <input_file_ref idref="fl-3"/>
      </object_component>
      <object_component id="oc-80">
         <name>.debug_aranges</name>
         <load_address>0x38</load_address>
         <run_address>0x38</run_address>
         <size>0x20</size>
         <input_file_ref idref="fl-4"/>
      </object_component>
      <object_component id="oc-86">
         <name>.debug_aranges</name>
         <load_address>0x58</load_address>
         <run_address>0x58</run_address>
         <size>0x18</size>
         <input_file_ref idref="fl-5"/>
      </object_component>
      <object_component id="oc-8b">
         <name>.debug_aranges</name>
         <load_address>0x70</load_address>
         <run_address>0x70</run_address>
         <size>0x20</size>
         <input_file_ref idref="fl-6"/>
      </object_component>
      <object_component id="oc-91">
         <name>.debug_aranges</name>
         <load_address>0x90</load_address>
         <run_address>0x90</run_address>
         <size>0x480</size>
         <input_file_ref idref="fl-7"/>
      </object_component>
      <object_component id="oc-96">
         <name>.debug_aranges</name>
         <load_address>0x510</load_address>
         <run_address>0x510</run_address>
         <size>0x18</size>
         <input_file_ref idref="fl-8"/>
      </object_component>
      <object_component id="oc-9b">
         <name>.debug_aranges</name>
         <load_address>0x528</load_address>
         <run_address>0x528</run_address>
         <size>0x18</size>
         <input_file_ref idref="fl-9"/>
      </object_component>
      <object_component id="oc-fe">
         <name>.debug_aranges</name>
         <load_address>0x540</load_address>
         <run_address>0x540</run_address>
         <size>0x28</size>
         <input_file_ref idref="fl-b"/>
      </object_component>
      <object_component id="oc-105">
         <name>.debug_aranges</name>
         <load_address>0x568</load_address>
         <run_address>0x568</run_address>
         <size>0x18</size>
         <input_file_ref idref="fl-d"/>
      </object_component>
      <object_component id="oc-110">
         <name>.debug_aranges</name>
         <load_address>0x580</load_address>
         <run_address>0x580</run_address>
         <size>0x18</size>
         <input_file_ref idref="fl-e"/>
      </object_component>
      <object_component id="oc-115">
         <name>.debug_aranges</name>
         <load_address>0x598</load_address>
         <run_address>0x598</run_address>
         <size>0x18</size>
         <input_file_ref idref="fl-f"/>
      </object_component>
      <object_component id="oc-11a">
         <name>.debug_aranges</name>
         <load_address>0x5b0</load_address>
         <run_address>0x5b0</run_address>
         <size>0x18</size>
         <input_file_ref idref="fl-10"/>
      </object_component>
      <object_component id="oc-11f">
         <name>.debug_aranges</name>
         <load_address>0x5c8</load_address>
         <run_address>0x5c8</run_address>
         <size>0x18</size>
         <input_file_ref idref="fl-11"/>
      </object_component>
      <object_component id="oc-124">
         <name>.debug_aranges</name>
         <load_address>0x5e0</load_address>
         <run_address>0x5e0</run_address>
         <size>0x28</size>
         <input_file_ref idref="fl-12"/>
      </object_component>
      <object_component id="oc-129">
         <name>.debug_aranges</name>
         <load_address>0x608</load_address>
         <run_address>0x608</run_address>
         <size>0x20</size>
         <input_file_ref idref="fl-13"/>
      </object_component>
      <object_component id="oc-130">
         <name>.debug_aranges</name>
         <load_address>0x628</load_address>
         <run_address>0x628</run_address>
         <size>0xb0</size>
         <input_file_ref idref="fl-15"/>
      </object_component>
      <object_component id="oc-135">
         <name>.debug_aranges</name>
         <load_address>0x6d8</load_address>
         <run_address>0x6d8</run_address>
         <size>0x18</size>
         <input_file_ref idref="fl-16"/>
      </object_component>
      <object_component id="oc-13c">
         <name>.debug_aranges</name>
         <load_address>0x6f0</load_address>
[...]
      </symbol>
      <symbol id="sm-329">
         <name>_CpuSysRegs</name>
         <value>0x5d300</value>
         <object_component_ref idref="oc-e6"/>
      </symbol>
      <symbol id="sm-32a">
         <name>_Cla1SoftIntRegs</name>
         <value>0xce0</value>
         <object_component_ref idref="oc-9f"/>
      </symbol>
      <symbol id="sm-32b">
         <name>_CanbRegs</name>
         <value>0x4a000</value>
         <object_component_ref idref="oc-f6"/>
      </symbol>
      <symbol id="sm-32c">
         <name>_ECap6Regs</name>
         <value>0x50a0</value>
         <object_component_ref idref="oc-c6"/>
      </symbol>
      <symbol id="sm-32d">
         <name>_DmaRegs</name>
         <value>0x1000</value>
         <object_component_ref idref="oc-e7"/>
      </symbol>
      <symbol id="sm-32e">
         <name>_XintRegs</name>
         <value>0x7070</value>
         <object_component_ref idref="oc-a8"/>
      </symbol>
      <symbol id="sm-32f">
         <name>_CpuTimer0Regs</name>
         <value>0xc00</value>
         <object_component_ref idref="oc-a4"/>
      </symbol>
      <symbol id="sm-330">
         <name>_Cmpss5Regs</name>
         <value>0x5d00</value>
         <object_component_ref idref="oc-bc"/>
      </symbol>
      <symbol id="sm-331">
         <name>_Emif1Regs</name>
         <value>0x47000</value>
         <object_component_ref idref="oc-dc"/>
      </symbol>
      <symbol id="sm-332">
         <name>_AccessProtectionRegs</name>
         <value>0x5f4c0</value>
         <object_component_ref idref="oc-da"/>
      </symbol>
      <symbol id="sm-333">
         <name>_MemCfgRegs</name>
         <value>0x5f400</value>
         <object_component_ref idref="oc-e2"/>
      </symbol>
      <symbol id="sm-334">
         <name>_DacaRegs</name>
         <value>0x5c00</value>
         <object_component_ref idref="oc-a1"/>
      </symbol>
      <symbol id="sm-335">
         <name>_McbspbRegs</name>
         <value>0x6040</value>
         <object_component_ref idref="oc-d4"/>
      </symbol>
      <symbol id="sm-336">
         <name>_EPwm6Regs</name>
         <value>0x4500</value>
         <object_component_ref idref="oc-ee"/>
      </symbol>
      <symbol id="sm-337">
         <name>_AdcaRegs</name>
         <value>0x7400</value>
         <object_component_ref idref="oc-de"/>
      </symbol>
      <symbol id="sm-338">
         <name>_SciaRegs</name>
         <value>0x7200</value>
         <object_component_ref idref="oc-a9"/>
      </symbol>
      <symbol id="sm-339">
         <name>_EPwm11Regs</name>
         <value>0x4a00</value>
         <object_component_ref idref="oc-f3"/>
      </symbol>
      <symbol id="sm-33a">
         <name>_GpioDataRegs</name>
         <value>0x7f00</value>
         <object_component_ref idref="oc-d7"/>
      </symbol>
      <symbol id="sm-33b">
         <name>_Sdfm1Regs</name>
         <value>0x5e00</value>
         <object_component_ref idref="oc-e3"/>
      </symbol>
      <symbol id="sm-33c">
         <name>_Cmpss2Regs</name>
         <value>0x5ca0</value>
         <object_component_ref idref="oc-b9"/>
      </symbol>
      <symbol id="sm-33d">
         <name>_Emif2Regs</name>
         <value>0x47800</value>
         <object_component_ref idref="oc-dd"/>
      </symbol>
      <symbol id="sm-33e">
         <name>_DcsmZ1Regs</name>
         <value>0x5f000</value>
         <object_component_ref idref="oc-cf"/>
      </symbol>
      <symbol id="sm-33f">
         <name>_Flash0CtrlRegs</name>
         <value>0x5f800</value>
         <object_component_ref idref="oc-f7"/>
      </symbol>
      <symbol id="sm-340">
         <name>_EPwm7Regs</name>
         <value>0x4600</value>
         <object_component_ref idref="oc-ef"/>
      </symbol>
      <symbol id="sm-341">
         <name>_SpicRegs</name>
         <value>0x6120</value>
         <object_component_ref idref="oc-b1"/>
      </symbol>
      <symbol id="sm-342">
         <name>_EPwm10Regs</name>
         <value>0x4900</value>
         <object_component_ref idref="oc-f2"/>
      </symbol>
      <symbol id="sm-343">
         <name>_CpuTimer2Regs</name>
         <value>0xc10</value>
         <object_component_ref idref="oc-a6"/>
      </symbol>
      <symbol id="sm-344">
         <name>_DmaClaSrcSelRegs</name>
         <value>0x7980</value>
         <object_component_ref idref="oc-b6"/>
      </symbol>
      <symbol id="sm-345">
         <name>_Cmpss3Regs</name>
         <value>0x5cc0</value>
         <object_component_ref idref="oc-ba"/>
      </symbol>
      <symbol id="sm-346">
         <name>_DaccRegs</name>
         <value>0x5c20</value>
         <object_component_ref idref="oc-a3"/>
      </symbol>
      <symbol id="sm-347">
         <name>_PieCtrlRegs</name>
         <value>0xce0</value>
         <object_component_ref idref="oc-b7"/>
      </symbol>
      <symbol id="sm-348">
         <name>_SpibRegs</name>
         <value>0x6110</value>
         <object_component_ref idref="oc-b0"/>
      </symbol>
      <symbol id="sm-349">
         <name>_AdccRegs</name>
         <value>0x7500</value>
         <object_component_ref idref="oc-e0"/>
      </symbol>
      <symbol id="sm-34a">
         <name>_ScicRegs</name>
         <value>0x7220</value>
         <object_component_ref idref="oc-ac"/>
      </symbol>
      <symbol id="sm-34b">
         <name>_ECap1Regs</name>
         <value>0x5000</value>
         <object_component_ref idref="oc-c0"/>
      </symbol>
      <symbol id="sm-34c">
         <name>_MemoryErrorRegs</name>
         <value>0x5f500</value>
         <object_component_ref idref="oc-db"/>
      </symbol>
      <symbol id="sm-34d">
         <name>_Cla1Regs</name>
         <value>0x1400</value>
         <object_component_ref idref="oc-d9"/>
      </symbol>
      <symbol id="sm-34e">
         <name>_EQep1Regs</name>
         <value>0x5100</value>
         <object_component_ref idref="oc-c8"/>
      </symbol>
      <symbol id="sm-34f">
         <name>_DacbRegs</name>
         <value>0x5c10</value>
         <object_component_ref idref="oc-a2"/>
      </symbol>
      <symbol id="sm-350">
         <name>_McbspaRegs</name>
         <value>0x6000</value>
         <object_component_ref idref="oc-d2"/>
      </symbol>
      <symbol id="sm-351">
         <name>_EPwm1Regs</name>
         <value>0x4000</value>
         <object_component_ref idref="oc-e8"/>
      </symbol>
      <symbol id="sm-352">
         <name>_AdcbRegs</name>
         <value>0x7480</value>
         <object_component_ref idref="oc-df"/>
      </symbol>
      <symbol id="sm-353">
         <name>_ScibRegs</name>
         <value>0x7210</value>
         <object_component_ref idref="oc-ab"/>
      </symbol>
      <symbol id="sm-354">
         <name>_AdcaResultRegs</name>
         <value>0xb00</value>
         <object_component_ref idref="oc-b2"/>
      </symbol>
      <symbol id="sm-355">
         <name>_ECap2Regs</name>
         <value>0x5020</value>
         <object_component_ref idref="oc-c2"/>
      </symbol>
      <symbol id="sm-356">
         <name>_EPwm12Regs</name>
         <value>0x4b00</value>
         <object_component_ref idref="oc-f4"/>
      </symbol>
      <symbol id="sm-357">
         <name>_AdcbResultRegs</name>
         <value>0xb20</value>
         <object_component_ref idref="oc-b3"/>
      </symbol>
      <symbol id="sm-358">
         <name>_AdccResultRegs</name>
         <value>0xb40</value>
         <object_component_ref idref="oc-b4"/>
      </symbol>
      <symbol id="sm-359">
         <name>_Emif1ConfigRegs</name>
         <value>0x5f480</value>
         <object_component_ref idref="oc-c7"/>
      </symbol>
      <symbol id="sm-35a">
         <name>_Sdfm2Regs</name>
         <value>0x5e80</value>
         <object_component_ref idref="oc-e5"/>
      </symbol>
      <symbol id="sm-35b">
         <name>_AdcdResultRegs</name>
         <value>0xb60</value>
         <object_component_ref idref="oc-b5"/>
      </symbol>
      <symbol id="sm-35c">
         <name>_EQep2Regs</name>
         <value>0x5140</value>
         <object_component_ref idref="oc-ca"/>
      </symbol>
      <symbol id="sm-35d">
         <name>_Cmpss1Regs</name>
         <value>0x5c80</value>
         <object_component_ref idref="oc-b8"/>
      </symbol>
      <symbol id="sm-35e">
         <name>_EPwm8Regs</name>
         <value>0x4700</value>
         <object_component_ref idref="oc-f0"/>
      </symbol>
      <symbol id="sm-35f">
         <name>_DcsmCommonRegs</name>
         <value>0x5f070</value>
         <object_component_ref idref="oc-a7"/>
      </symbol>
      <symbol id="sm-360">
         <name>_EPwm2Regs</name>
         <value>0x4100</value>
         <object_component_ref idref="oc-ea"/>
      </symbol>
      <symbol id="sm-361">
         <name>_ECap3Regs</name>
         <value>0x5040</value>
         <object_component_ref idref="oc-c3"/>
      </symbol>
      <symbol id="sm-362">
         <name>_Cmpss8Regs</name>
         <value>0x5d60</value>
         <object_component_ref idref="oc-bf"/>
      </symbol>
      <symbol id="sm-363">
         <name>_EQep3Regs</name>
         <value>0x5180</value>
         <object_component_ref idref="oc-cb"/>
      </symbol>
      <symbol id="sm-364">
         <name>_EPwm9Regs</name>
         <value>0x4800</value>
         <object_component_ref idref="oc-f1"/>
      </symbol>
      <symbol id="sm-365">
         <name>_NmiIntruptRegs</name>
         <value>0x7060</value>
         <object_component_ref idref="oc-a0"/>
      </symbol>
      <symbol id="sm-366">
         <name>_EPwm3Regs</name>
         <value>0x4200</value>
         <object_component_ref idref="oc-eb"/>
      </symbol>
      <symbol id="sm-367">
         <name>_I2caRegs</name>
         <value>0x7300</value>
         <object_component_ref idref="oc-cc"/>
      </symbol>
      <symbol id="sm-374">
         <name>_GPIO_WritePin</name>
         <value>0x82856</value>
         <object_component_ref idref="oc-191"/>
      </symbol>
      <symbol id="sm-375">
         <name>_GPIO_ReadPin</name>
         <value>0x82870</value>
         <object_component_ref idref="oc-191"/>
      </symbol>
      <symbol id="sm-397">
         <name>_g_usGetReadIndexes</name>
         <value>0x3f884</value>
         <object_component_ref idref="oc-10a"/>
      </symbol>
      <symbol id="sm-398">
         <name>_g_usPutWriteIndexes</name>
         <value>0x3f880</value>
         <object_component_ref idref="oc-107"/>
      </symbol>
      <symbol id="sm-399">
         <name>_g_usGetWriteIndexes</name>
         <value>0x3fc80</value>
         <object_component_ref idref="oc-109"/>
      </symbol>
      <symbol id="sm-39a">
         <name>_g_asIPCCPU2toCPU1Buffers</name>
         <value>0x3f800</value>
         <object_component_ref idref="oc-10c"/>
      </symbol>
      <symbol id="sm-39b">
         <name>_g_asIPCCPU1toCPU2Buffers</name>
         <value>0x3fc00</value>
         <object_component_ref idref="oc-10b"/>
      </symbol>
      <symbol id="sm-39c">
         <name>_g_usPutReadIndexes</name>
         <value>0x3fc84</value>
         <object_component_ref idref="oc-108"/>
      </symbol>
      <symbol id="sm-3c3">
         <name>_InitPieCtrl</name>
         <value>0x828d9</value>
         <object_component_ref idref="oc-192"/>
      </symbol>
      <symbol id="sm-3c4">
         <name>_EnableInterrupts</name>
         <value>0x828f8</value>
         <object_component_ref idref="oc-192"/>
      </symbol>
      <symbol id="sm-3d3">
         <name>_PieVectTableInit</name>
         <value>0x82994</value>
         <object_component_ref idref="oc-196"/>
      </symbol>
      <symbol id="sm-3d4">
         <name>_InitPieVectTable</name>
         <value>0x82973</value>
         <object_component_ref idref="oc-193"/>
      </symbol>
      <symbol id="sm-3f6">
         <name>_SeizeFlashPump</name>
         <value>0x825b7</value>
         <object_component_ref idref="oc-18f"/>
      </symbol>
      <symbol id="sm-3f7">
         <name>_DisablePeripheralClocks</name>
         <value>0x827c1</value>
         <object_component_ref idref="oc-18f"/>
      </symbol>
      <symbol id="sm-3f8">
         <name>_FlashOff</name>
         <value>0x8034</value>
         <object_component_ref idref="oc-190"/>
      </symbol>
      <symbol id="sm-3f9">
         <name>_DisableDog</name>
         <value>0x825de</value>
         <object_component_ref idref="oc-18f"/>
      </symbol>
      <symbol id="sm-3fa">
         <name>_SysIntOsc2Sel</name>
         <value>0x82591</value>
         <object_component_ref idref="oc-18f"/>
      </symbol>
      <symbol id="sm-3fb">
         <name>_ReleaseFlashPump</name>
         <value>0x825d4</value>
         <object_component_ref idref="oc-18f"/>
      </symbol>
      <symbol id="sm-3fc">
         <name>_IDLE</name>
         <value>0x827b8</value>
         <object_component_ref idref="oc-18f"/>
      </symbol>
      <symbol id="sm-3fd">
         <name>_HALT</name>
         <value>0x827b8</value>
         <object_component_ref idref="oc-18f"/>
      </symbol>
      <symbol id="sm-3fe">
         <name>_InitPeripheralClocks</name>
         <value>0x825eb</value>
         <object_component_ref idref="oc-18f"/>
      </symbol>
      <symbol id="sm-3ff">
         <name>_InitFlash</name>
         <value>0x8000</value>
         <object_component_ref idref="oc-190"/>
      </symbol>
      <symbol id="sm-400">
         <name>_SysXtalOscSel</name>
         <value>0x82585</value>
         <object_component_ref idref="oc-18f"/>
      </symbol>
      <symbol id="sm-401">
         <name>_CsmUnlock</name>
         <value>0x827df</value>
         <object_component_ref idref="oc-18f"/>
      </symbol>
      <symbol id="sm-402">
         <name>_SysIntOsc1Sel</name>
         <value>0x8259d</value>
         <object_component_ref idref="oc-18f"/>
      </symbol>
      <symbol id="sm-403">
         <name>_ServiceDog</name>
         <value>0x825a9</value>
         <object_component_ref idref="oc-18f"/>
      </symbol>
      <symbol id="sm-404">
         <name>_HIB</name>
         <value>0x825c9</value>
         <object_component_ref idref="oc-18f"/>
      </symbol>
      <symbol id="sm-405">
         <name>_AuxAuxClkSel</name>
         <value>0x82693</value>
         <object_component_ref idref="oc-18f"/>
      </symbol>
      <symbol id="sm-406">
         <name>_AuxIntOsc2Sel</name>
         <value>0x826ae</value>
         <object_component_ref idref="oc-18f"/>
      </symbol>
      <symbol id="sm-407">
         <name>_InitAuxPll</name>
         <value>0x826bb</value>
         <object_component_ref idref="oc-18f"/>
      </symbol>
      <symbol id="sm-408">
         <name>_InitSysCtrl</name>
         <value>0x82682</value>
         <object_component_ref idref="oc-18f"/>
      </symbol>
      <symbol id="sm-409">
         <name>_STANDBY</name>
         <value>0x825c9</value>
         <object_component_ref idref="oc-18f"/>
      </symbol>
      <symbol id="sm-40a">
         <name>_AuxXtalOscSel</name>
         <value>0x8269d</value>
         <object_component_ref idref="oc-18f"/>
      </symbol>
      <symbol id="sm-421">
         <name>_deviceOpen</name>
         <value>0xa86c</value>
         <object_component_ref idref="oc-138"/>
      </symbol>
      <symbol id="sm-458">
         <name>_I2C</name>
         <value>0xa85c</value>
         <object_component_ref idref="oc-187"/>
      </symbol>
      <symbol id="sm-459">
         <name>_EPWM</name>
         <value>0xa800</value>
         <object_component_ref idref="oc-18a"/>
      </symbol>
      <symbol id="sm-45a">
         <name>_MCBSP</name>
         <value>0xa860</value>
         <object_component_ref idref="oc-188"/>
      </symbol>
      <symbol id="sm-45b">
         <name>_ECAP</name>
         <value>0xa832</value>
         <object_component_ref idref="oc-185"/>
      </symbol>
      <symbol id="sm-45c">
         <name>_SPI</name>
         <value>0xa848</value>
         <object_component_ref idref="oc-184"/>
      </symbol>
      <symbol id="sm-45d">
         <name>_EQEP</name>
         <value>0xa840</value>
         <object_component_ref idref="oc-186"/>
      </symbol>
      <symbol id="sm-45e">
         <name>_SDFM</name>
         <value>0xa850</value>
         <object_component_ref idref="oc-189"/>
      </symbol>
      <symbol id="sm-45f">
         <name>_SCI</name>
         <value>0xa864</value>
         <object_component_ref idref="oc-183"/>
      </symbol>
      <symbol id="sm-46b">
         <name>_F28x_usDelay</name>
         <value>0x8048</value>
         <object_component_ref idref="oc-144"/>
      </symbol>
      <symbol id="sm-486">
         <name>_c_int00</name>
         <value>0x82800</value>
         <object_component_ref idref="oc-71"/>
      </symbol>
      <symbol id="sm-487">
         <name>__stack</name>
         <value>0x400</value>
         <object_component_ref idref="oc-149"/>
      </symbol>
      <symbol id="sm-493">
         <name>LL$$AND</name>
         <value>0x8295b</value>
         <object_component_ref idref="oc-14f"/>
      </symbol>
      <symbol id="sm-494">
         <name>LL$$OR</name>
         <value>0x82963</value>
         <object_component_ref idref="oc-14f"/>
      </symbol>
      <symbol id="sm-495">
         <name>LL$$XOR</name>
         <value>0x8296b</value>
         <object_component_ref idref="oc-14f"/>
      </symbol>
      <symbol id="sm-4a4">
         <name>_copy_in</name>
         <value>0x82901</value>
         <object_component_ref idref="oc-17f"/>
      </symbol>
      <symbol id="sm-4b5">
         <name>_memcpy</name>
         <value>0x82925</value>
         <object_component_ref idref="oc-18b"/>
      </symbol>
      <symbol id="sm-4c1">
         <name>__system_pre_init</name>
         <value>0x82990</value>
         <object_component_ref idref="oc-17e"/>
      </symbol>
      <symbol id="sm-4ce">
         <name>__system_post_cinit</name>
         <value>0x82992</value>
         <object_component_ref idref="oc-180"/>
      </symbol>
      <symbol id="sm-4e2">
         <name>C$$EXIT</name>
         <value>0x828b0</value>
         <object_component_ref idref="oc-182"/>
      </symbol>
      <symbol id="sm-4e3">
         <name>_exit</name>
         <value>0x828b2</value>
         <object_component_ref idref="oc-182"/>
      </symbol>
      <symbol id="sm-4e4">
         <name>___TI_cleanup_ptr</name>
         <value>0xa858</value>
         <object_component_ref idref="oc-16a"/>
      </symbol>
      <symbol id="sm-4e5">
         <name>___TI_enable_exit_profile_output</name>
         <value>0xa856</value>
         <object_component_ref idref="oc-16a"/>
      </symbol>
      <symbol id="sm-4e6">
         <name>_abort</name>
         <value>0x828b0</value>
         <object_component_ref idref="oc-182"/>
      </symbol>
      <symbol id="sm-4e7">
         <name>___TI_dtors_ptr</name>
         <value>0xa85a</value>
         <object_component_ref idref="oc-16a"/>
      </symbol>
      <symbol id="sm-4fb">
         <name>__unlock</name>
         <value>0xa86a</value>
         <object_component_ref idref="oc-197"/>
      </symbol>
      <symbol id="sm-4fc">
         <name>__lock</name>
         <value>0xa868</value>
         <object_component_ref idref="oc-18d"/>
      </symbol>
      <symbol id="sm-4fd">
         <name>__register_lock</name>
         <value>0x82988</value>
         <object_component_ref idref="oc-194"/>
      </symbol>
      <symbol id="sm-4fe">
         <name>__nop</name>
         <value>0x8298c</value>
         <object_component_ref idref="oc-194"/>
      </symbol>
      <symbol id="sm-4ff">
         <name>__register_unlock</name>
         <value>0x82984</value>
         <object_component_ref idref="oc-194"/>
      </symbol>
      <symbol id="sm-50e">
         <name>__args_main</name>
         <value>0x82942</value>
         <object_component_ref idref="oc-181"/>
      </symbol>
   </symbol_table>
   <title>Link successful</title>
</link_info>
